{
    "test_cellrangerarc_mkfastq_illumina_atac": {
        "content": [
            {
                "0": [
                    
                ],
                "1": [
                    
                ],
                "fastq": [
                    
                ],
                "versions": [
                    
                ]
            }
        ],
        "meta": {
            "nf-test": "0.9.2",
            "nextflow": "24.10.5"
        },
        "timestamp": "2025-04-11T18:09:24.201622855"
    },
    "test_cellrangerarc_mkfastq_simple_atac": {
        "content": [
            {
                "0": [
                    
                ],
                "1": [
                    
                ],
                "fastq": [
                    
                ],
                "versions": [
                    
                ]
            }
        ],
        "meta": {
            "nf-test": "0.9.2",
            "nextflow": "24.10.5"
        },
        "timestamp": "2025-04-11T16:08:40.858698717"
    },
    "test_cellrangerarc_mkfastq_simple_gex": {
        "content": [
            {
                "0": [
                    
                ],
                "1": [
                    
                ],
                "fastq": [
                    
                ],
                "versions": [
                    
                ]
            }
        ],
        "meta": {
            "nf-test": "0.9.2",
            "nextflow": "24.10.5"
        },
        "timestamp": "2025-04-11T18:09:04.124544545"
    }
}